C51 COMPILER V9.51   MAIN                                                                  09/18/2025 13:22:08 PAGE 1   


C51 COMPILER V9.51, COMPILATION OF MODULE MAIN
OBJECT MODULE PLACED IN main.OBJ
COMPILER INVOKED BY: D:\Keil\C51\BIN\C51.EXE main.c BROWSE INCDIR(.\inc) DEBUG OBJECTEXTEND TABS(2)

line level    source

   1          #include "STC15F2K60S2.H" //±?????
   2          #include "sys.H"      //±?????
   3          #include "displayer.H"
   4          #include "beep.H"
   5          #include "music.H"
   6          #include "key.H"
   7          #include "stepmotor.H"
   8          #include "vib.H"
   9          #include "hall.H"
  10          #include "adc.H"
  11          #include "uart1.h"
  12          #include "uart2.h"
  13          #include "IR.h"
  14          #include "DS1302.h"
  15          #include "M24C02.h"
  16          #include "FM_Radio.h"
  17          #include "EXT.h"
  18          #include "stepmotor.h"
  19          
  20          code unsigned long SysClock = 11059200; // ±??????¨???????¤×÷?±??????(Hz)?????§±????????????????¤
             -×÷?????¨?????±????????????
  21          #ifdef _displayer_H_          // ???????é?????±±??????¨??????????????±í????‘?????????????????
  22          code char decode_table[] = {
  23            // 数字 0-9
  24            0x3F, // 0: 00111111 (a,b,c,d,e,f亮)
  25            0x06, // 1: 00000110 (b,c亮)
  26            0x5B, // 2: 01011011 (a,b,g,e,d亮)
  27            0x4F, // 3: 01001111 (a,b,g,c,d亮)
  28            0x66, // 4: 01100110 (f,g,b,c亮)
  29            0x6D, // 5: 01101101 (a,f,g,c,d亮)
  30            0x7D, // 6: 01111101 (a,f,g,c,d,e亮)
  31            0x07, // 7: 00000111 (a,b,c亮)
  32            0x7F, // 8: 01111111 (全亮)
  33            0x6F, // 9: 01101111 (a,b,c,d,f,g亮)
  34          
  35            // 大写字母 A-Z（常用可显示的字母）
  36            0x77, // A (10): 01110111 (a,b,c,f,g亮)
  37            0x7C, // B (11): 01111100 (f,g,c,d,e亮，类似8少a)
  38            0x39, // C (12): 00111001 (a,f,e,d亮)
  39            0x5E, // D (13): 01011110 (b,c,d,e,g亮)
  40            0x79, // E (14): 01111001 (a,f,e,d,g亮)
  41            0x71, // F (15): 01110001 (a,f,e,g亮)
  42            0x3D, // G (16): 00111101 (a,f,g,c,d,e亮，6多g)
  43            0x76, // H (17): 01110110 (f,g,b,c,e亮)
  44            0x06, // I (18): 00000110 (同1)
  45            0x1E, // J (19): 00011110 (b,c,d,e亮)
  46            0x75, // K (20): 01110101 (f,g,b,c,e亮，类似H但e段不同)
  47            0x38, // L (21): 00111000 (f,e,d亮)
  48            0x15, // M (22): 00010101 (a,b,c,f,e亮，自定义简化版)
  49            0x54, // N (23): 01010100 (a,b,c,f,g亮，简化版)
  50            0x5C, // O (24): 01011100 (a,b,c,d,e亮，类似0少g)
  51            0x73, // P (25): 01110011 (a,b,f,g,e亮)
  52            0x6B, // Q (26): 01100111 (a,b,c,d,f,g亮，9多e)
  53            0x50, // R (27): 01010000 (a,b,f,g亮，简化版)
  54            0x6D, // S (28): 01101101 (同5)
C51 COMPILER V9.51   MAIN                                                                  09/18/2025 13:22:08 PAGE 2   

  55            0x78, // T (29): 01111000 (f,g,e亮)
  56            0x3E, // U (30): 00111110 (b,c,d,e,f亮，类似0少a)
  57            0x1C, // V (31): 00011100 (b,c,d,e亮，简化版)
  58            0x2A, // W (32): 00101010 (自定义简化版，显示为双V)
  59            0x76, // X (33): 01110110 (同H)
  60            0x6E, // Y (34): 01101110 (b,c,d,f,g亮)
  61            0x5B, // Z (35): 01011011 (同2)
  62          
  63            // 小写字母（常用）
  64            0x5F, // a (36): 01011111 (类似9少b)
  65            0x7C, // b (37): 01111100 (同大写B)
  66            0x58, // c (38): 01011000 (f,e,d,g亮)
  67            0x5E, // d (39): 01011110 (同大写D)
  68            0x7B, // e (40): 01111011 (a,f,g,e,d亮，E多g)
  69            0x71, // f (41): 01110001 (同大写F)
  70          
  71            // 符号
  72            0x40, // - (42): 01000000 (g亮)
  73            0x80, // . (43): 10000000 (小数点亮)
  74            0x00, // 空格 (44): 00000000 (全灭)
  75            0x63  // = (45): 01100011 (g和d段亮)
  76          };
  77          #endif
  78          code char pokemon_get_DAZE[] = {
  79            0x00, 0x08, 0x25, 0x04, 0x27, 0x04, 0x31, 0x04, 0x27, 0x04, 0x31, 0x04, 0x32, 0x04, 0x33, 0x20,
  80            0x00, 0x08, 0x26, 0x08, 0x31, 0x08, 0x33, 0x08, 0x32, 0x08, 0x31, 0x08, 0x27, 0x08, 0x25, 0x08,
  81            0x00, 0x08, 0x26, 0x04, 0x27, 0x04, 0x31, 0x04, 0x27, 0x04, 0x31, 0x04, 0x32, 0x04, 0x33, 0x20,
  82            0x00, 0x08, 0x26, 0x08, 0x31, 0x04, 0x33, 0x08, 0x35, 0x04, 0x00, 0x10, 0x00, 0x08, 0x26, 0x08,
  83          
  84            0x31, 0x04, 0x26, 0x04, 0x31, 0x04, 0x26, 0x04, 0x31, 0x04, 0x26, 0x04, 0x31, 0x04, 0x26, 0x04,
  85            0x26, 0x08, 0x31, 0x08, 0x31, 0x04, 0x32, 0x08, 0x27, 0x14, 0x00, 0x08, 0x26, 0x04, 0x26, 0x04,
  86            0x31, 0x04, 0x26, 0x04, 0x31, 0x04, 0x26, 0x04, 0x31, 0x04, 0x26, 0x04, 0x26, 0x04, 0x26, 0x04,
  87            0x33, 0x08, 0x33, 0x08, 0x32, 0x04, 0x31, 0x08, 0x27, 0x24,
  88          
  89            0x00, 0x10};
  90          #define RECEIVE_LEN 5
  91          int count = 0;
  92          // Beep控制
  93          int interp = 1;
  94          int a = 0;
  95          // LED控制
  96          int LEDmode = 1;
  97          int LEDchange = 1;
  98          unsigned char led_val = 0x02;
  99          int led_flow_reverse = 1;
 100          // 串口控制
 101          char data_recieved[RECEIVE_LEN];
 102          char matched_data[] = {0xaa, 0x55};
 103          char uart_data[3];
 104          void myUart2_callback()
 105          {
 106   1        char flag = data_recieved[2];
 107   1        char menu_select = data_recieved[3];
 108   1        char function = data_recieved[3];
 109   1      
 110   1        if (flag == 0x01 || flag == 0x02)
 111   1          LEDmode = 2;
 112   1        else if (flag == 0x00)
 113   1          LEDmode = 1;
 114   1        else if (flag == 0x03)
 115   1        {
 116   2          LEDmode = 3;
C51 COMPILER V9.51   MAIN                                                                  09/18/2025 13:22:08 PAGE 3   

 117   2        }
 118   1      
 119   1        if (flag == 0x03)
 120   1        {
 121   2          interp = 0;
 122   2        }
 123   1      }
 124          void myDisplay_callback()
 125          {
 126   1        char flag = data_recieved[2];
 127   1        char menu_select = data_recieved[3];
 128   1        if (flag == 0x00)
 129   1        {
 130   2          if (menu_select == 0x00)
 131   2            Seg7Print(23, 10, 30, 29, 18, 21, 30, 28);
 132   2          else if (menu_select == 0x01)
 133   2            Seg7Print(42, 13, 40, 29, 40, 38, 29, 42);
 134   2          else if (menu_select == 0x02)
 135   2            Seg7Print(42, 11, 27, 24, 32, 28, 40, 42);
 136   2          else if (menu_select == 0x03)
 137   2            Seg7Print(28, 17, 40, 18, 20, 36, 17, 42);
 138   2          else if (menu_select == 0x04)
 139   2            Seg7Print(42, 14, 36, 27, 29, 17, 42, 42);
 140   2        }
 141   1        else if (flag == 0x01)
 142   1          Seg7Print(23, 10, 30, 29, 18, 21, 30, 28);
 143   1        else if (flag == 0x03)
 144   1          Seg7Print(16, 14, 29, 42, 13, 10, 35, 14);
 145   1      }
 146          void myKey_callback()
 147          {
 148   1        if (GetKeyAct(enumKey1) == enumKeyPress)
 149   1        {
 150   2          SetPlayerMode(enumModePlay);
 151   2        }
 152   1        if (GetKeyAct(enumKey2) == enumKeyPress)
 153   1        {
 154   2          SetPlayerMode(enumModePause);
 155   2        }
 156   1      }
 157          void beep_check()
 158          {
 159   1        if (GetBeepStatus() == enumBeepFree && interp == 0)
 160   1        {
 161   2          a += 1;
 162   2        }
 163   1      
 164   1        if (a > 4)
 165   1        {
 166   2          a = 0;
 167   2        }
 168   1      
 169   1        if (interp == 0 && a == 1)
 170   1        {
 171   2          SetBeep(523, 25);
 172   2        }
 173   1        else if (interp == 0 && a == 2)
 174   1        {
 175   2          SetBeep(587, 25);
 176   2        }
 177   1        else if (interp == 0 && a == 3)
 178   1        {
C51 COMPILER V9.51   MAIN                                                                  09/18/2025 13:22:08 PAGE 4   

 179   2          SetBeep(659, 25);
 180   2        }
 181   1        else if (interp == 0 && a == 4)
 182   1        {
 183   2          SetBeep(784, 80);
 184   2          interp = 1;
 185   2        }
 186   1      }
 187          void myLED_callback()
 188          {
 189   1        // 初始界面
 190   1        if (LEDmode == 1 && LEDchange == 1)
 191   1        {
 192   2          LedPrint(0x55);
 193   2        }
 194   1        else if (LEDmode == 1 && LEDchange == -1)
 195   1        {
 196   2          LedPrint(0xaa);
 197   2        }
 198   1        else if (LEDmode == 2)
 199   1        {
 200   2          LedPrint(led_val);
 201   2        }
 202   1        else if (LEDmode == 3 && LEDchange == 1)
 203   1        {
 204   2          LedPrint(0xFF);
 205   2        }
 206   1        else if (LEDmode == 3 && LEDchange == -1)
 207   1        {
 208   2          LedPrint(0x00);
 209   2        }
 210   1        LEDchange *= -1;
 211   1      
 212   1        // 流水灯
 213   1        if (led_val < 0x80 && led_flow_reverse == 1)
 214   1        {
 215   2          led_val = led_val << 1;
 216   2        }
 217   1        else if (led_val > 0x01 && led_flow_reverse == -1)
 218   1        {
 219   2          led_val = led_val >> 1;
 220   2        }
 221   1        else if (led_val == 0x80 || led_val == 0x01)
 222   1        {
 223   2          led_flow_reverse *= -1;
 224   2        }
 225   1      }
 226          void my10mS_callback()
 227          {
 228   1        // Beep轮询
 229   1        beep_check();
 230   1      }
 231          void myVib_callback()
 232          {
 233   1        char k = GetVibAct();
 234   1        if (k == enumVibQuake)
 235   1        {
 236   2          uart_data[0] = 0xaa;
 237   2          uart_data[1] = 0x55;
 238   2          uart_data[2] = 0x01;
 239   2          Uart2Print(uart_data, 3);
 240   2        }
C51 COMPILER V9.51   MAIN                                                                  09/18/2025 13:22:08 PAGE 5   

 241   1      }
 242          void myHall_callback()
 243          {
 244   1        char k = GetHallAct();
 245   1        if (k == enumHallGetClose)
 246   1        {
 247   2          uart_data[0] = 0xaa;
 248   2          uart_data[1] = 0x55;
 249   2          uart_data[2] = 0x02;
 250   2          Uart2Print(uart_data, 3);
 251   2          // Beep
 252   2          interp = 0;
 253   2        }
 254   1        else if (k == enumHallGetAway)
 255   1        {
 256   2          uart_data[0] = 0xaa;
 257   2          uart_data[1] = 0x55;
 258   2          uart_data[2] = 0x03;
 259   2          Uart2Print(uart_data, 3);
 260   2        }
 261   1      }
 262          
 263          void main()
 264          {
 265   1        Uart2Init(115200, Uart2UsedforEXT);
 266   1        displayerInit();
*** WARNING C206 IN LINE 266 OF main.c: 'displayerInit': missing function-prototype
 267   1        keyInit();
*** WARNING C206 IN LINE 267 OF main.c: 'keyInit': missing function-prototype
 268   1        VibInit();
 269   1        MusicPlayerInit();
 270   1        BeepInit();
 271   1        HallInit();
 272   1        SetDisplayerArea(0, 7);
 273   1      
 274   1        SetUart2Rxd(data_recieved, RECEIVE_LEN, matched_data, 2);
 275   1      
 276   1        SetMusic(110, 0xFA, pokemon_get_DAZE, sizeof(pokemon_get_DAZE), enumMscDrvLed);
 277   1      
 278   1        SetEventCallBack(enumEventHall, myHall_callback);
 279   1        SetEventCallBack(enumEventVib, myVib_callback);
 280   1        SetEventCallBack(enumEventKey, myKey_callback);
 281   1        SetEventCallBack(enumEventUart2Rxd, myUart2_callback);
 282   1        SetEventCallBack(enumEventSys1S, myDisplay_callback);
 283   1        SetEventCallBack(enumEventSys100mS, myLED_callback);
 284   1        SetEventCallBack(enumEventSys10mS, my10mS_callback);
 285   1      
 286   1        MySTC_Init();
 287   1        while (1)
 288   1        {
 289   2          MySTC_OS();
 290   2        }
 291   1      }


MODULE INFORMATION:   STATIC OVERLAYABLE
   CODE SIZE        =    852    ----
   CONSTANT SIZE    =    174    ----
   XDATA SIZE       =   ----    ----
   PDATA SIZE       =   ----    ----
   DATA SIZE        =     23       5
   IDATA SIZE       =   ----    ----
C51 COMPILER V9.51   MAIN                                                                  09/18/2025 13:22:08 PAGE 6   

   BIT SIZE         =   ----    ----
END OF MODULE INFORMATION.


C51 COMPILATION COMPLETE.  2 WARNING(S),  0 ERROR(S)
