BL51 BANKED LINKER/LOCATER V6.22                                                        09/18/2025  13:22:08  PAGE 1


BL51 BANKED LINKER/LOCATER V6.22, INVOKED BY:
D:\KEIL\C51\BIN\BL51.EXE main.obj, .\STCBSP_V3.6b.LIB TO test RAMSIZE (256)


MEMORY MODEL: SMALL


INPUT MODULES INCLUDED:
  main.obj (MAIN)
  .\STCBSP_V3.6b.LIB (BEEP)
  .\STCBSP_V3.6b.LIB (DISPLAYER)
  .\STCBSP_V3.6b.LIB (HALL)
  .\STCBSP_V3.6b.LIB (KEY)
  .\STCBSP_V3.6b.LIB (SYS)
  .\STCBSP_V3.6b.LIB (VIB)
  .\STCBSP_V3.6b.LIB (MUSIC)
  .\STCBSP_V3.6b.LIB (UART2)
  D:\KEIL\C51\LIB\C51S.LIB (?C_STARTUP)
  D:\KEIL\C51\LIB\C51S.LIB (?C?CLDOPTR)
  D:\KEIL\C51\LIB\C51S.LIB (?C?CSTOPTR)
  D:\KEIL\C51\LIB\C51S.LIB (?C?IMUL)
  D:\KEIL\C51\LIB\C51S.LIB (?C?UIDIV)
  D:\KEIL\C51\LIB\C51S.LIB (?C?IILDX)
  D:\KEIL\C51\LIB\C51S.LIB (?C?ILDIX)
  D:\KEIL\C51\LIB\C51S.LIB (?C?LMUL)
  D:\KEIL\C51\LIB\C51S.LIB (?C?ULDIV)
  D:\KEIL\C51\LIB\C51S.LIB (?C?SLDIV)
  D:\KEIL\C51\LIB\C51S.LIB (?C?ULSHR)
  D:\KEIL\C51\LIB\C51S.LIB (?C?SLSHR)
  D:\KEIL\C51\LIB\C51S.LIB (?C?LLDCODE)
  D:\KEIL\C51\LIB\C51S.LIB (?C?LSTXDATA)
  D:\KEIL\C51\LIB\C51S.LIB (?C?OFFXADD)
  D:\KEIL\C51\LIB\C51S.LIB (?C?ICALL)
  D:\KEIL\C51\LIB\C51S.LIB (?C_IBP)
  D:\KEIL\C51\LIB\C51S.LIB (?C_INIT)


LINK MAP OF MODULE:  test (MAIN)


            TYPE    BASE      LENGTH    RELOCATION   SEGMENT NAME
            -----------------------------------------------------

            * * * * * * *   D A T A   M E M O R Y   * * * * * * *
            REG     0000H     0008H     ABSOLUTE     "REG BANK 0"
            DATA    0008H     0017H     UNIT         ?DT?MAIN
            DATA    001FH     0001H     UNIT         ?DT?HALL
            BIT     0020H.0   0001H.7   UNIT         ?BI?SYS
            BIT     0021H.7   0000H.1   UNIT         ?BI?MUSIC
            DATA    0022H     0011H     UNIT         ?DT?SYS
            DATA    0033H     000AH     UNIT         _DATA_GROUP_
            DATA    003DH     0008H     UNIT         ?DT?_SEG7SETMODE?DISPLAYER
            DATA    0045H     0008H     UNIT         ?DT?_LEDSETMODE?DISPLAYER
            DATA    004DH     0002H     UNIT         ?DT?GETULTRASONIC?SYS
            DATA    004FH     0001H     UNIT         ?DT?UART2
            DATA    0050H     0001H     UNIT         ?C?LIB_DATA
            IDATA   0051H     0001H     UNIT         ?STACK

BL51 BANKED LINKER/LOCATER V6.22                                                      09/18/2025  13:22:08  PAGE 2


            * * * * * * *  X D A T A   M E M O R Y  * * * * * * *
            XDATA   0000H     006FH     UNIT         ?XD?SYS
            XDATA   006FH     001EH     UNIT         ?XD?DISPLAYER
            XDATA   008DH     0016H     UNIT         ?XD?UART2
            XDATA   00A3H     0010H     UNIT         ?XD?MUSIC
            XDATA   00B3H     000BH     UNIT         ?XD?KEY
            XDATA   00BEH     0004H     UNIT         ?XD?HALL
            XDATA   00C2H     0002H     UNIT         ?XD?VIB

            * * * * * * *   C O D E   M E M O R Y   * * * * * * *
            CODE    0000H     0003H     ABSOLUTE     
                    0003H     0008H                  *** GAP ***
            CODE    000BH     0003H     ABSOLUTE     
                    000EH     002DH                  *** GAP ***
            CODE    003BH     0003H     ABSOLUTE     
                    003EH     0005H                  *** GAP ***
            CODE    0043H     0003H     ABSOLUTE     
                    0046H     07BAH                  *** GAP ***
            CODE    0800H     0302H     UNIT         ?PR?_?SYS_MUSIC_DRV?MUSIC
            CODE    0B02H     0254H     UNIT         ?C?LIB_CODE
            CODE    0D56H     01DBH     UNIT         ?PR?UART2_ISR?UART2
            CODE    0F31H     017BH     UNIT         ?PR?_?SYS_DISPLAY_DRV?DISPLAYER
            CODE    10ACH     0128H     UNIT         ?C_INITSEG
            CODE    11D4H     0127H     UNIT         ?PR?_?SYS_KEY_DRV?KEY
            CODE    12FBH     0126H     UNIT         ?CO?MUSIC
            CODE    1421H     00F1H     UNIT         ?PR?SYS_TASK_1MS?SYS
            CODE    1512H     00BBH     UNIT         ?PR?_UART2INIT?UART2
            CODE    15CDH     00B9H     UNIT         ?PR?MYLED_CALLBACK?MAIN
            CODE    1686H     00B7H     UNIT         ?PR?MYDISPLAY_CALLBACK?MAIN
            CODE    173DH     00AEH     UNIT         ?CO?MAIN
            CODE    17EBH     00ACH     UNIT         ?PR?MAIN?MAIN
            CODE    1897H     00AAH     UNIT         ?PR?_PLAYTONE?MUSIC
            CODE    1941H     00A8H     UNIT         ?PR?SYS_CCP_ISR?SYS
            CODE    19E9H     0093H     UNIT         ?PR?SYS_TASK_10MS?SYS
            CODE    1A7CH     008FH     UNIT         ?PR?_SEG7SETMODE?DISPLAYER
            CODE    1B0BH     008FH     UNIT         ?PR?_LEDSETMODE?DISPLAYER
            CODE    1B9AH     008CH     UNIT         ?C_C51STARTUP
            CODE    1C26H     008BH     UNIT         ?PR?SYS_TASK_IR?SYS
            CODE    1CB1H     0087H     UNIT         ?PR?BEEP_CHECK?MAIN
            CODE    1D38H     0081H     UNIT         ?PR?_SETMUSIC?MUSIC
            CODE    1DB9H     007DH     UNIT         ?PR?_SETEVENTCALLBACK?SYS
            CODE    1E36H     0078H     UNIT         ?PR?_SETBEEP?BEEP
            CODE    1EAEH     0053H     UNIT         ?PR?GETULTRASONIC?SYS
            CODE    1F01H     0052H     UNIT         ?PR?SYS_TIMER0_ISR?SYS
            CODE    1F53H     0047H     UNIT         ?PR?SYS_TIMER0_INIT?SYS
            CODE    1F9AH     0044H     UNIT         ?C?LDIV
            CODE    1FDEH     0043H     UNIT         ?PR?_?SYS_HALL_DRV?HALL
            CODE    2021H     0042H     UNIT         ?PR?MYHALL_CALLBACK?MAIN
            CODE    2063H     0040H     UNIT         ?PR?_GETKEYACT?KEY
            CODE    20A3H     003FH     UNIT         ?PR?SYS_TASK_100MS?SYS
            CODE    20E2H     003EH     UNIT         ?PR?MYSTC_OS?SYS
            CODE    2120H     0034H     UNIT         ?PR?MYUART2_CALLBACK?MAIN
            CODE    2154H     0031H     UNIT         ?PR?_SETUART2RXD?UART2
            CODE    2185H     0031H     UNIT         ?PR?_UART2PRINT?UART2
            CODE    21B6H     002BH     UNIT         ?PR?SYS_TASK_1S?SYS
            CODE    21E1H     0028H     UNIT         ?PR?_?SYS_BEEP_DRV?BEEP
            CODE    2209H     0028H     UNIT         ?PR?_SETPLAYERMODE?MUSIC
BL51 BANKED LINKER/LOCATER V6.22                                                      09/18/2025  13:22:08  PAGE 3


            CODE    2231H     0020H     UNIT         ?PR?BEEPINIT?BEEP
            CODE    2251H     0020H     UNIT         ?PR?_SEG7PRINT?DISPLAYER
            CODE    2271H     001DH     UNIT         ?PR?MYVIB_CALLBACK?MAIN
            CODE    228EH     001DH     UNIT         ?PR?HALLINIT?HALL
            CODE    22ABH     001DH     UNIT         ?PR?KEYINIT?KEY
            CODE    22C8H     001DH     UNIT         ?PR?VIBINIT?VIB
            CODE    22E5H     001BH     UNIT         ?PR?MYKEY_CALLBACK?MAIN
            CODE    2300H     001BH     UNIT         ?PR?DISPLAYERINIT?DISPLAYER
            CODE    231BH     0011H     UNIT         ?PR?_SETCCP0?SYS
            CODE    232CH     000FH     UNIT         ?PR?_?SYS_GET_HALLEVENT?HALL
            CODE    233BH     000FH     UNIT         ?PR?_?SYS_GET_KEYEVENT?KEY
            CODE    234AH     000FH     UNIT         ?PR?_?SYS_GET_SVEVENT?VIB
            CODE    2359H     000FH     UNIT         ?PR?_?GETVIBACT?VIB
            CODE    2368H     000FH     UNIT         ?PR?MUSICPLAYERINIT?MUSIC
            CODE    2377H     000FH     UNIT         ?PR?_?SYS_GET_UART2RXDEVENT?UART2
            CODE    2386H     000EH     UNIT         ?PR?_?SYS_SV_DRV?VIB
            CODE    2394H     000CH     UNIT         ?PR?GETBEEPSTATUS?BEEP
            CODE    23A0H     000BH     UNIT         ?PR?GETUART2TXSTATUS?UART2
            CODE    23ABH     0009H     UNIT         ?PR?_SETDISPLAYERAREA?DISPLAYER
            CODE    23B4H     0009H     UNIT         ?PR?GETBEEPTIMER?SYS
            CODE    23BDH     0009H     UNIT         ?PR?_SETBEEPTIMER?SYS
            CODE    23C6H     0007H     UNIT         ?PR?GETSYSPERFORMANCE?SYS
            CODE    23CDH     0006H     UNIT         ?PR?_LEDPRINT?DISPLAYER
            CODE    23D3H     0006H     UNIT         ?PR?GETHALLACT?HALL
            CODE    23D9H     0006H     UNIT         ?PR?MYSTC_INIT?SYS
            CODE    23DFH     0006H     UNIT         ?PR?GETPLAYERMODE?MUSIC
            CODE    23E5H     0003H     UNIT         ?PR?MY10MS_CALLBACK?MAIN
            CODE    23E8H     0003H     UNIT         ?PR?_?RET0FUNC?SYS
            CODE    23EBH     0003H     UNIT         ?PR?CLRBEEPPIN?SYS
            CODE    23EEH     0001H     UNIT         ?PR?_?NULLFUNC?SYS
            CODE    23EFH     0001H     UNIT         ?PR?_?NULLFUNC0?UART2



OVERLAY MAP OF MODULE:   test (MAIN)


SEGMENT                                     DATA_GROUP 
  +--> CALLED SEGMENT                     START    LENGTH
---------------------------------------------------------
?C_C51STARTUP                             -----    -----
  +--> ?PR?MAIN?MAIN
  +--> ?C_INITSEG

?PR?MAIN?MAIN                             -----    -----
  +--> ?PR?_UART2INIT?UART2
  +--> ?PR?DISPLAYERINIT?DISPLAYER
  +--> ?PR?KEYINIT?KEY
  +--> ?PR?VIBINIT?VIB
  +--> ?PR?MUSICPLAYERINIT?MUSIC
  +--> ?PR?BEEPINIT?BEEP
  +--> ?PR?HALLINIT?HALL
  +--> ?PR?_SETDISPLAYERAREA?DISPLAYER
  +--> ?PR?_SETUART2RXD?UART2
  +--> ?CO?MAIN
  +--> ?PR?_SETMUSIC?MUSIC
  +--> ?PR?MYHALL_CALLBACK?MAIN
BL51 BANKED LINKER/LOCATER V6.22                                                      09/18/2025  13:22:08  PAGE 4


  +--> ?PR?_SETEVENTCALLBACK?SYS
  +--> ?PR?MYVIB_CALLBACK?MAIN
  +--> ?PR?MYKEY_CALLBACK?MAIN
  +--> ?PR?MYUART2_CALLBACK?MAIN
  +--> ?PR?MYDISPLAY_CALLBACK?MAIN
  +--> ?PR?MYLED_CALLBACK?MAIN
  +--> ?PR?MY10MS_CALLBACK?MAIN
  +--> ?PR?MYSTC_INIT?SYS
  +--> ?PR?MYSTC_OS?SYS

?PR?_UART2INIT?UART2                      0033H    0005H
  +--> ?PR?_?NULLFUNC0?UART2
  +--> ?CO?MAIN
  +--> ?PR?_?SYS_GET_UART2RXDEVENT?UART2

?PR?DISPLAYERINIT?DISPLAYER               -----    -----
  +--> ?PR?_?SYS_DISPLAY_DRV?DISPLAYER

?PR?_?SYS_DISPLAY_DRV?DISPLAYER           -----    -----
  +--> ?CO?MAIN

?PR?KEYINIT?KEY                           -----    -----
  +--> ?PR?_?SYS_GET_KEYEVENT?KEY
  +--> ?PR?_?SYS_KEY_DRV?KEY

?PR?VIBINIT?VIB                           -----    -----
  +--> ?PR?_?SYS_GET_SVEVENT?VIB
  +--> ?PR?_?SYS_SV_DRV?VIB

?PR?MUSICPLAYERINIT?MUSIC                 -----    -----
  +--> ?PR?_?SYS_MUSIC_DRV?MUSIC

?PR?_?SYS_MUSIC_DRV?MUSIC                 -----    -----
  +--> ?PR?GETBEEPSTATUS?BEEP
  +--> ?PR?_SEG7PRINT?DISPLAYER
  +--> ?PR?_LEDPRINT?DISPLAYER
  +--> ?PR?_PLAYTONE?MUSIC

?PR?GETBEEPSTATUS?BEEP                    -----    -----
  +--> ?PR?GETBEEPTIMER?SYS

?PR?_SEG7PRINT?DISPLAYER                  0035H    0008H

?PR?_PLAYTONE?MUSIC                       0033H    0006H
  +--> ?PR?GETBEEPSTATUS?BEEP
  +--> ?CO?MUSIC
  +--> ?PR?_SETBEEP?BEEP

?PR?_SETBEEP?BEEP                         0039H    0004H
  +--> ?PR?GETBEEPTIMER?SYS
  +--> ?PR?_SETBEEPTIMER?SYS
  +--> ?CO?MAIN
  +--> ?PR?_SETCCP0?SYS
  +--> ?PR?CLRBEEPPIN?SYS

?PR?BEEPINIT?BEEP                         -----    -----
  +--> ?PR?CLRBEEPPIN?SYS
BL51 BANKED LINKER/LOCATER V6.22                                                      09/18/2025  13:22:08  PAGE 5


  +--> ?PR?_?SYS_BEEP_DRV?BEEP

?PR?_?SYS_BEEP_DRV?BEEP                   -----    -----
  +--> ?PR?GETBEEPTIMER?SYS
  +--> ?PR?_SETBEEPTIMER?SYS

?PR?HALLINIT?HALL                         -----    -----
  +--> ?PR?_?SYS_GET_HALLEVENT?HALL
  +--> ?PR?_?SYS_HALL_DRV?HALL

?PR?_SETUART2RXD?UART2                    0033H    000AH

?PR?_SETMUSIC?MUSIC                       0033H    0008H

?PR?MYHALL_CALLBACK?MAIN                  0033H    0001H
  +--> ?PR?GETHALLACT?HALL
  +--> ?PR?_UART2PRINT?UART2

?PR?_SETEVENTCALLBACK?SYS                 0033H    0003H

?PR?MYVIB_CALLBACK?MAIN                   -----    -----
  +--> ?PR?_?GETVIBACT?VIB
  +--> ?PR?_UART2PRINT?UART2

?PR?MYKEY_CALLBACK?MAIN                   -----    -----
  +--> ?PR?_GETKEYACT?KEY
  +--> ?PR?_SETPLAYERMODE?MUSIC

?PR?MYUART2_CALLBACK?MAIN                 0033H    0002H

?PR?MYDISPLAY_CALLBACK?MAIN               0033H    0002H
  +--> ?PR?_SEG7PRINT?DISPLAYER

?PR?MYLED_CALLBACK?MAIN                   -----    -----
  +--> ?PR?_LEDPRINT?DISPLAYER

?PR?MY10MS_CALLBACK?MAIN                  -----    -----
  +--> ?PR?BEEP_CHECK?MAIN

?PR?BEEP_CHECK?MAIN                       -----    -----
  +--> ?PR?GETBEEPSTATUS?BEEP
  +--> ?PR?_SETBEEP?BEEP

?PR?MYSTC_INIT?SYS                        -----    -----
  +--> ?PR?SYS_TIMER0_INIT?SYS

?PR?SYS_TIMER0_INIT?SYS                   -----    -----
  +--> ?CO?MAIN

?PR?MYSTC_OS?SYS                          -----    -----
  +--> ?PR?SYS_TASK_IR?SYS
  +--> ?PR?SYS_TASK_1MS?SYS
  +--> ?PR?SYS_TASK_10MS?SYS
  +--> ?PR?SYS_TASK_100MS?SYS
  +--> ?PR?SYS_TASK_1S?SYS

?C_INITSEG                                -----    -----
BL51 BANKED LINKER/LOCATER V6.22                                                      09/18/2025  13:22:08  PAGE 6


  +--> ?PR?_?NULLFUNC?SYS
  +--> ?PR?_?RET0FUNC?SYS



SYMBOL TABLE OF MODULE:  test (MAIN)

  VALUE           TYPE          NAME
  ----------------------------------

  -------         MODULE        MAIN
  C:0000H         SYMBOL        _ICE_DUMMY_
  C:1CB1H         PUBLIC        beep_check
  D:0080H         PUBLIC        P0
  D:0090H         PUBLIC        P1
  D:00A0H         PUBLIC        P2
  D:00B0H         PUBLIC        P3
  D:00C0H         PUBLIC        P4
  D:00C8H         PUBLIC        P5
  D:00E8H         PUBLIC        P6
  D:00F8H         PUBLIC        P7
  D:00A8H         PUBLIC        IE
  D:0008H         PUBLIC        interp
  D:00B8H         PUBLIC        IP
  C:2271H         PUBLIC        myVib_callback
  C:23E5H         PUBLIC        my10mS_callback
  D:00D8H         PUBLIC        CCON
  C:22E5H         PUBLIC        myKey_callback
  C:176FH         PUBLIC        pokemon_get_DAZE
  C:17EBH         PUBLIC        main
  D:000AH         PUBLIC        count
  C:173DH         PUBLIC        SysClock
  D:000CH         PUBLIC        led_flow_reverse
  D:0098H         PUBLIC        SCON
  D:0088H         PUBLIC        TCON
  D:000EH         PUBLIC        uart_data
  D:0011H         PUBLIC        LEDchange
  D:0013H         PUBLIC        data_recieved
  C:2120H         PUBLIC        myUart2_callback
  C:15CDH         PUBLIC        myLED_callback
  C:1741H         PUBLIC        decode_table
  C:1686H         PUBLIC        myDisplay_callback
  D:0018H         PUBLIC        matched_data
  D:001AH         PUBLIC        led_val
  D:001BH         PUBLIC        a
  D:00D0H         PUBLIC        PSW
  C:2021H         PUBLIC        myHall_callback
  D:001DH         PUBLIC        LEDmode
  -------         PROC          MYUART2_CALLBACK
  -------         DO            
  D:0007H         SYMBOL        flag
  D:0033H         SYMBOL        menu_select
  D:0034H         SYMBOL        function
  -------         ENDDO         
  C:2120H         LINE#         104
  C:2120H         LINE#         105
  C:2120H         LINE#         106
BL51 BANKED LINKER/LOCATER V6.22                                                      09/18/2025  13:22:08  PAGE 7


  C:2122H         LINE#         107
  C:2125H         LINE#         108
  C:2128H         LINE#         110
  C:2130H         LINE#         111
  C:2138H         LINE#         112
  C:213BH         LINE#         113
  C:2142H         LINE#         114
  C:2145H         LINE#         115
  C:2145H         LINE#         116
  C:214BH         LINE#         117
  C:214BH         LINE#         119
  C:214EH         LINE#         120
  C:214EH         LINE#         121
  C:2153H         LINE#         122
  C:2153H         LINE#         123
  -------         ENDPROC       MYUART2_CALLBACK
  -------         PROC          MYDISPLAY_CALLBACK
  -------         DO            
  D:0033H         SYMBOL        flag
  D:0034H         SYMBOL        menu_select
  -------         ENDDO         
  C:1686H         LINE#         124
  C:1686H         LINE#         125
  C:1686H         LINE#         126
  C:1689H         LINE#         127
  C:168CH         LINE#         128
  C:1690H         LINE#         129
  C:1690H         LINE#         130
  C:1694H         LINE#         131
  C:1696H         LINE#         132
  C:169BH         LINE#         133
  C:16B0H         LINE#         134
  C:16B5H         LINE#         135
  C:16CAH         LINE#         136
  C:16CFH         LINE#         137
  C:16E6H         LINE#         138
  C:16ECH         LINE#         139
  C:1701H         LINE#         140
  C:1703H         LINE#         141
  C:1708H         LINE#         142
  C:171FH         LINE#         143
  C:1724H         LINE#         144
  C:173CH         LINE#         145
  -------         ENDPROC       MYDISPLAY_CALLBACK
  -------         PROC          MYKEY_CALLBACK
  C:22E5H         LINE#         146
  C:22E5H         LINE#         147
  C:22E5H         LINE#         148
  C:22EDH         LINE#         149
  C:22EDH         LINE#         150
  C:22F2H         LINE#         151
  C:22F2H         LINE#         152
  C:22FAH         LINE#         153
  C:22FAH         LINE#         154
  C:22FFH         LINE#         155
  C:22FFH         LINE#         156
  -------         ENDPROC       MYKEY_CALLBACK
BL51 BANKED LINKER/LOCATER V6.22                                                      09/18/2025  13:22:08  PAGE 8


  -------         PROC          BEEP_CHECK
  C:1CB1H         LINE#         157
  C:1CB1H         LINE#         158
  C:1CB1H         LINE#         159
  C:1CBDH         LINE#         160
  C:1CBDH         LINE#         161
  C:1CC5H         LINE#         162
  C:1CC5H         LINE#         164
  C:1CD2H         LINE#         165
  C:1CD2H         LINE#         166
  C:1CD7H         LINE#         167
  C:1CD7H         LINE#         169
  C:1CE5H         LINE#         170
  C:1CE5H         LINE#         171
  C:1CEAH         LINE#         172
  C:1CECH         LINE#         173
  C:1CFAH         LINE#         174
  C:1CFAH         LINE#         175
  C:1CFFH         LINE#         176
  C:1D01H         LINE#         177
  C:1D0FH         LINE#         178
  C:1D0FH         LINE#         179
  C:1D19H         LINE#         180
  C:1D19H         LINE#         181
  C:1D27H         LINE#         182
  C:1D27H         LINE#         183
  C:1D31H         LINE#         184
  C:1D37H         LINE#         185
  C:1D37H         LINE#         186
  -------         ENDPROC       BEEP_CHECK
  -------         PROC          MYLED_CALLBACK
  C:15CDH         LINE#         187
  C:15CDH         LINE#         188
  C:15CDH         LINE#         190
  C:15DDH         LINE#         191
  C:15DDH         LINE#         192
  C:15DFH         LINE#         193
  C:15E1H         LINE#         194
  C:15F3H         LINE#         195
  C:15F3H         LINE#         196
  C:15F5H         LINE#         197
  C:15F7H         LINE#         198
  C:15FFH         LINE#         199
  C:15FFH         LINE#         200
  C:1601H         LINE#         201
  C:1603H         LINE#         202
  C:1613H         LINE#         203
  C:1613H         LINE#         204
  C:1615H         LINE#         205
  C:1617H         LINE#         206
  C:1629H         LINE#         207
  C:1629H         LINE#         208
  C:162EH         LINE#         209
  C:162EH         LINE#         210
  C:163DH         LINE#         213
  C:164CH         LINE#         214
  C:164CH         LINE#         215
BL51 BANKED LINKER/LOCATER V6.22                                                      09/18/2025  13:22:08  PAGE 9


  C:1652H         LINE#         216
  C:1653H         LINE#         217
  C:1664H         LINE#         218
  C:1664H         LINE#         219
  C:166AH         LINE#         220
  C:166BH         LINE#         221
  C:1676H         LINE#         222
  C:1676H         LINE#         223
  C:1685H         LINE#         224
  C:1685H         LINE#         225
  -------         ENDPROC       MYLED_CALLBACK
  -------         PROC          MY10MS_CALLBACK
  C:23E5H         LINE#         226
  C:23E5H         LINE#         227
  C:23E5H         LINE#         229
  -------         ENDPROC       MY10MS_CALLBACK
  -------         PROC          MYVIB_CALLBACK
  -------         DO            
  D:0007H         SYMBOL        k
  -------         ENDDO         
  C:2271H         LINE#         231
  C:2271H         LINE#         232
  C:2271H         LINE#         233
  C:2274H         LINE#         234
  C:2277H         LINE#         235
  C:2277H         LINE#         236
  C:227AH         LINE#         237
  C:227DH         LINE#         238
  C:2280H         LINE#         239
  C:228DH         LINE#         240
  C:228DH         LINE#         241
  -------         ENDPROC       MYVIB_CALLBACK
  -------         PROC          MYHALL_CALLBACK
  -------         DO            
  D:0033H         SYMBOL        k
  -------         ENDDO         
  C:2021H         LINE#         242
  C:2021H         LINE#         243
  C:2021H         LINE#         244
  C:2026H         LINE#         245
  C:202BH         LINE#         246
  C:202BH         LINE#         247
  C:202EH         LINE#         248
  C:2031H         LINE#         249
  C:2034H         LINE#         250
  C:2041H         LINE#         252
  C:2046H         LINE#         253
  C:2047H         LINE#         254
  C:204CH         LINE#         255
  C:204CH         LINE#         256
  C:204FH         LINE#         257
  C:2052H         LINE#         258
  C:2055H         LINE#         259
  C:2062H         LINE#         260
  C:2062H         LINE#         261
  -------         ENDPROC       MYHALL_CALLBACK
  -------         PROC          MAIN
BL51 BANKED LINKER/LOCATER V6.22                                                      09/18/2025  13:22:08  PAGE 10


  C:17EBH         LINE#         263
  C:17EBH         LINE#         264
  C:17EBH         LINE#         265
  C:17F7H         LINE#         266
  C:17FAH         LINE#         267
  C:17FDH         LINE#         268
  C:1800H         LINE#         269
  C:1803H         LINE#         270
  C:1806H         LINE#         271
  C:1809H         LINE#         272
  C:1810H         LINE#         274
  C:182CH         LINE#         276
  C:1842H         LINE#         278
  C:184DH         LINE#         279
  C:1858H         LINE#         280
  C:1863H         LINE#         281
  C:186EH         LINE#         282
  C:1879H         LINE#         283
  C:1884H         LINE#         284
  C:188FH         LINE#         286
  C:1892H         LINE#         287
  C:1892H         LINE#         288
  C:1892H         LINE#         289
  C:1895H         LINE#         290
  -------         ENDPROC       MAIN
  -------         ENDMOD        MAIN

  -------         MODULE        BEEP
  C:0000H         SYMBOL        _ICE_DUMMY_
  D:0080H         PUBLIC        P0
  D:00B2H         PUBLIC        P3M0
  D:0090H         PUBLIC        P1
  D:00B1H         PUBLIC        P3M1
  D:00A0H         PUBLIC        P2
  D:00B0H         PUBLIC        P3
  D:00C0H         PUBLIC        P4
  D:00C8H         PUBLIC        P5
  D:00E8H         PUBLIC        P6
  D:00F8H         PUBLIC        P7
  D:00F9H         PUBLIC        CH
  C:21E1H         PUBLIC        _?sys_beep_drv
  D:00A8H         PUBLIC        IE
  D:00E9H         PUBLIC        CL
  C:2231H         PUBLIC        BeepInit
  B:00D8H.6       PUBLIC        CR
  D:00DAH         PUBLIC        CCAPM0
  D:00B8H         PUBLIC        IP
  D:00D9H         PUBLIC        CMOD
  D:00D8H         PUBLIC        CCON
  C:2394H         PUBLIC        GetBeepStatus
  C:1E36H         PUBLIC        _SetBeep
  D:0098H         PUBLIC        SCON
  D:0088H         PUBLIC        TCON
  D:00D0H         PUBLIC        PSW
  B:00D8H.0       PUBLIC        CCF0
  -------         PROC          _?SYS_BEEP_DRV
  -------         DO            
BL51 BANKED LINKER/LOCATER V6.22                                                      09/18/2025  13:22:08  PAGE 11


  i:0000H         SYMBOL        a
  -------         ENDDO         
  C:21E1H         LINE#         11
  C:21E5H         LINE#         13
  C:21EFH         LINE#         14
  C:2204H         LINE#         15
  -------         ENDPROC       _?SYS_BEEP_DRV
  -------         PROC          BEEPINIT
  C:2231H         LINE#         17
  C:2231H         LINE#         18
  C:2231H         LINE#         19
  C:2234H         LINE#         20
  C:2237H         LINE#         21
  C:223AH         LINE#         22
  C:223DH         LINE#         23
  C:2240H         LINE#         24
  C:2242H         LINE#         25
  C:2250H         LINE#         26
  -------         ENDPROC       BEEPINIT
  -------         PROC          _SETBEEP
  D:0039H         SYMBOL        Beep_freq
  D:003BH         SYMBOL        Beep_time
  -------         DO            
  D:0002H         SYMBOL        a
  D:0004H         SYMBOL        b
  -------         ENDDO         
  C:1E36H         LINE#         28
  C:1E3EH         LINE#         29
  C:1E3EH         LINE#         31
  C:1E45H         LINE#         32
  C:1E4CH         LINE#         33
  C:1E57H         LINE#         34
  C:1E80H         LINE#         35
  C:1E94H         LINE#         36
  C:1E9BH         LINE#         37
  C:1E9DH         LINE#         38
  C:1EA0H         LINE#         39
  C:1EA2H         LINE#         41
  C:1EA5H         LINE#         42
  C:1EA8H         LINE#         43
  C:1EA8H         LINE#         44
  C:1EABH         LINE#         45
  C:1EABH         LINE#         46
  C:1EADH         LINE#         47
  -------         ENDPROC       _SETBEEP
  -------         PROC          GETBEEPSTATUS
  C:2394H         LINE#         49
  C:2394H         LINE#         50
  C:239DH         LINE#         51
  C:239FH         LINE#         52
  -------         ENDPROC       GETBEEPSTATUS
  -------         ENDMOD        BEEP

  -------         MODULE        DISPLAYER
  C:0000H         SYMBOL        _ICE_DUMMY_
  D:0093H         PUBLIC        P0M1
  D:0096H         PUBLIC        P2M0
BL51 BANKED LINKER/LOCATER V6.22                                                      09/18/2025  13:22:08  PAGE 12


  D:0080H         PUBLIC        P0
  D:0095H         PUBLIC        P2M1
  D:0090H         PUBLIC        P1
  D:00A0H         PUBLIC        P2
  D:00B0H         PUBLIC        P3
  D:00C0H         PUBLIC        P4
  D:00C8H         PUBLIC        P5
  D:00E8H         PUBLIC        P6
  D:00F8H         PUBLIC        P7
  C:1A7CH         PUBLIC        _Seg7SetMode
  D:00A8H         PUBLIC        IE
  D:00B8H         PUBLIC        IP
  D:00D8H         PUBLIC        CCON
  C:23CDH         PUBLIC        _LedPrint
  B:00A0H.0       PUBLIC        P20
  B:00A0H.1       PUBLIC        P21
  D:0098H         PUBLIC        SCON
  B:00A0H.2       PUBLIC        P22
  D:0088H         PUBLIC        TCON
  B:00A0H.3       PUBLIC        P23
  C:2300H         PUBLIC        DisplayerInit
  C:1B0BH         PUBLIC        _LedSetMode
  X:0071H         PUBLIC        sys_Disp
  C:23ABH         PUBLIC        _SetDisplayerArea
  C:2251H         PUBLIC        _Seg7Print
  C:0F31H         PUBLIC        _?sys_display_drv
  D:00D0H         PUBLIC        PSW
  D:0094H         PUBLIC        P0M0
  -------         PROC          _?SYS_DISPLAY_DRV
  -------         DO            
  X:006FH         SYMBOL        T1mS
  X:0070H         SYMBOL        T100mS
  i:0000H         SYMBOL        d
  i:0001H         SYMBOL        i
  -------         ENDDO         
  C:0F31H         LINE#         18
  C:0F35H         LINE#         21
  C:0F42H         LINE#         22
  C:0F45H         LINE#         23
  C:0F52H         LINE#         24
  C:0F52H         LINE#         25
  C:0F55H         LINE#         26
  C:0F7EH         LINE#         27
  C:0F84H         LINE#         28
  C:0F8AH         LINE#         29
  C:0F90H         LINE#         30
  C:0F96H         LINE#         31
  C:0FA0H         LINE#         32
  C:0FAAH         LINE#         33
  C:0FB4H         LINE#         34
  C:0FBEH         LINE#         35
  C:0FC0H         LINE#         36
  C:0FC0H         LINE#         37
  C:0FC8H         LINE#         38
  C:0FEDH         LINE#         39
  C:100DH         LINE#         40
  C:100DH         LINE#         41
BL51 BANKED LINKER/LOCATER V6.22                                                      09/18/2025  13:22:08  PAGE 13


  C:100FH         LINE#         43
  C:1018H         LINE#         44
  C:102BH         LINE#         45
  C:103AH         LINE#         46
  C:103AH         LINE#         47
  C:1056H         LINE#         48
  C:106BH         LINE#         49
  C:1071H         LINE#         50
  C:1076H         LINE#         51
  C:1078H         LINE#         52
  C:107BH         LINE#         53
  C:107BH         LINE#         55
  C:1092H         LINE#         56
  C:109FH         LINE#         58
  C:10A7H         LINE#         59
  -------         ENDPROC       _?SYS_DISPLAY_DRV
  -------         PROC          DISPLAYERINIT
  C:2300H         LINE#         61
  C:2300H         LINE#         62
  C:2300H         LINE#         63
  C:2303H         LINE#         64
  C:2306H         LINE#         65
  C:2309H         LINE#         66
  C:230CH         LINE#         67
  C:231AH         LINE#         68
  -------         ENDPROC       DISPLAYERINIT
  -------         PROC          _SETDISPLAYERAREA
  D:0007H         SYMBOL        Begin_of_scan
  D:0005H         SYMBOL        Ending_of_Scan
  C:23ABH         LINE#         70
  C:23ABH         LINE#         71
  C:23B0H         LINE#         72
  C:23B3H         LINE#         73
  -------         ENDPROC       _SETDISPLAYERAREA
  -------         PROC          _SEG7PRINT
  D:0007H         SYMBOL        d0
  D:0005H         SYMBOL        d1
  D:0003H         SYMBOL        d2
  D:0038H         SYMBOL        d3
  D:0039H         SYMBOL        d4
  D:003AH         SYMBOL        d5
  D:003BH         SYMBOL        d6
  D:003CH         SYMBOL        d7
  C:2251H         LINE#         75
  C:2251H         LINE#         76
  C:2256H         LINE#         77
  C:2259H         LINE#         78
  C:225CH         LINE#         79
  C:2260H         LINE#         80
  C:2264H         LINE#         81
  C:2268H         LINE#         82
  C:226CH         LINE#         83
  C:2270H         LINE#         84
  -------         ENDPROC       _SEG7PRINT
  -------         PROC          _LEDPRINT
  D:0007H         SYMBOL        led_val
  C:23CDH         LINE#         86
BL51 BANKED LINKER/LOCATER V6.22                                                      09/18/2025  13:22:08  PAGE 14


  C:23CDH         LINE#         87
  C:23D2H         LINE#         88
  -------         ENDPROC       _LEDPRINT
  -------         PROC          _SEG7SETMODE
  D:0007H         SYMBOL        m0
  D:0005H         SYMBOL        m1
  D:0003H         SYMBOL        m2
  D:0040H         SYMBOL        m3
  D:0041H         SYMBOL        m4
  D:0042H         SYMBOL        m5
  D:0043H         SYMBOL        m6
  D:0044H         SYMBOL        m7
  C:1A7CH         LINE#         90
  C:1A7CH         LINE#         91
  C:1A90H         LINE#         92
  C:1AA0H         LINE#         93
  C:1AB0H         LINE#         94
  C:1AC2H         LINE#         95
  C:1AD4H         LINE#         96
  C:1AE6H         LINE#         97
  C:1AF8H         LINE#         98
  C:1B0AH         LINE#         99
  -------         ENDPROC       _SEG7SETMODE
  -------         PROC          _LEDSETMODE
  D:0007H         SYMBOL        m0
  D:0005H         SYMBOL        m1
  D:0003H         SYMBOL        m2
  D:0048H         SYMBOL        m3
  D:0049H         SYMBOL        m4
  D:004AH         SYMBOL        m5
  D:004BH         SYMBOL        m6
  D:004CH         SYMBOL        m7
  C:1B0BH         LINE#         101
  C:1B0BH         LINE#         102
  C:1B1FH         LINE#         103
  C:1B2FH         LINE#         104
  C:1B3FH         LINE#         105
  C:1B51H         LINE#         106
  C:1B63H         LINE#         107
  C:1B75H         LINE#         108
  C:1B87H         LINE#         109
  C:1B99H         LINE#         110
  -------         ENDPROC       _LEDSETMODE
  -------         ENDMOD        DISPLAYER

  -------         MODULE        HALL
  C:0000H         SYMBOL        _ICE_DUMMY_
  D:0080H         PUBLIC        P0
  D:0090H         PUBLIC        P1
  D:00A0H         PUBLIC        P2
  D:00B0H         PUBLIC        P3
  D:00C0H         PUBLIC        P4
  D:00C8H         PUBLIC        P5
  D:00E8H         PUBLIC        P6
  D:00F8H         PUBLIC        P7
  D:001FH         PUBLIC        hall_Event
  C:232CH         PUBLIC        _?sys_get_hallEvent
BL51 BANKED LINKER/LOCATER V6.22                                                      09/18/2025  13:22:08  PAGE 15


  D:00A8H         PUBLIC        IE
  C:1FDEH         PUBLIC        _?sys_hall_drv
  D:00B8H         PUBLIC        IP
  C:228EH         PUBLIC        HallInit
  B:0090H.2       PUBLIC        IO_hall
  D:00D8H         PUBLIC        CCON
  D:0098H         PUBLIC        SCON
  D:0088H         PUBLIC        TCON
  C:23D3H         PUBLIC        GetHallAct
  X:00C1H         PUBLIC        sys_hallEvent
  D:00D0H         PUBLIC        PSW
  -------         PROC          _?SYS_HALL_DRV
  -------         DO            
  X:00BEH         SYMBOL        counter
  X:00BFH         SYMBOL        hall_count
  X:00C0H         SYMBOL        hall_last_count
  -------         ENDDO         
  C:1FDEH         LINE#         14
  C:1FDEH         LINE#         19
  C:1FE7H         LINE#         20
  C:1FEFH         LINE#         21
  C:1FF2H         LINE#         22
  C:1FFAH         LINE#         23
  C:2000H         LINE#         24
  C:2003H         LINE#         25
  C:2003H         LINE#         26
  C:2003H         LINE#         27
  C:2005H         LINE#         29
  C:200EH         LINE#         30
  C:2011H         LINE#         31
  C:2015H         LINE#         32
  C:2015H         LINE#         33
  C:2015H         LINE#         34
  C:201AH         LINE#         35
  C:2020H         LINE#         36
  C:2020H         LINE#         37
  -------         ENDPROC       _?SYS_HALL_DRV
  -------         PROC          _?SYS_GET_HALLEVENT
  -------         DO            
  i:0000H         SYMBOL        a
  -------         ENDDO         
  C:232CH         LINE#         39
  C:232EH         LINE#         41
  C:2336H         LINE#         42
  C:2338H         LINE#         43
  C:2338H         LINE#         44
  -------         ENDPROC       _?SYS_GET_HALLEVENT
  -------         PROC          HALLINIT
  C:228EH         LINE#         46
  C:228EH         LINE#         47
  C:228EH         LINE#         48
  C:229CH         LINE#         49
  C:22AAH         LINE#         50
  -------         ENDPROC       HALLINIT
  -------         PROC          GETHALLACT
  -------         DO            
  D:0007H         SYMBOL        a
BL51 BANKED LINKER/LOCATER V6.22                                                      09/18/2025  13:22:08  PAGE 16


  -------         ENDDO         
  C:23D3H         LINE#         52
  C:23D3H         LINE#         53
  C:23D3H         LINE#         54
  C:23D5H         LINE#         55
  C:23D8H         LINE#         56
  C:23D8H         LINE#         57
  -------         ENDPROC       GETHALLACT
  -------         ENDMOD        HALL

  -------         MODULE        KEY
  C:0000H         SYMBOL        _ICE_DUMMY_
  D:0080H         PUBLIC        P0
  D:0090H         PUBLIC        P1
  D:00A0H         PUBLIC        P2
  D:00B0H         PUBLIC        P3
  D:00C0H         PUBLIC        P4
  D:00C8H         PUBLIC        P5
  D:00E8H         PUBLIC        P6
  D:00F8H         PUBLIC        P7
  D:00A8H         PUBLIC        IE
  X:00B4H         PUBLIC        sys_keyEvent
  D:00B8H         PUBLIC        IP
  D:00D8H         PUBLIC        CCON
  C:233BH         PUBLIC        _?sys_get_keyEvent
  D:0098H         PUBLIC        SCON
  D:0088H         PUBLIC        TCON
  C:11D4H         PUBLIC        _?sys_key_drv
  C:22ABH         PUBLIC        KeyInit
  B:00B0H.2       PUBLIC        IO_Key1
  B:00B0H.3       PUBLIC        IO_Key2
  B:0090H.7       PUBLIC        IO_Key3
  C:2063H         PUBLIC        _GetKeyAct
  X:00B5H         PUBLIC        sys_Key
  D:00D0H         PUBLIC        PSW
  -------         PROC          _?SYS_KEY_DRV
  -------         DO            
  i:0000H         SYMBOL        i
  X:00B3H         SYMBOL        counter
  -------         ENDDO         
  C:11D4H         LINE#         28
  C:11D6H         LINE#         31
  C:11DFH         LINE#         32
  C:11E8H         LINE#         33
  C:11F1H         LINE#         34
  C:11FCH         LINE#         35
  C:11FFH         LINE#         36
  C:1211H         LINE#         37
  C:122FH         LINE#         38
  C:1248H         LINE#         39
  C:1264H         LINE#         40
  C:1268H         LINE#         41
  C:1268H         LINE#         42
  C:126AH         LINE#         44
  C:128BH         LINE#         45
  C:12A1H         LINE#         46
  C:12A6H         LINE#         47
BL51 BANKED LINKER/LOCATER V6.22                                                      09/18/2025  13:22:08  PAGE 17


  C:12A6H         LINE#         48
  C:12A6H         LINE#         49
  C:12D9H         LINE#         50
  C:12F4H         LINE#         51
  C:12F8H         LINE#         52
  C:12F8H         LINE#         53
  -------         ENDPROC       _?SYS_KEY_DRV
  -------         PROC          _?SYS_GET_KEYEVENT
  -------         DO            
  i:0000H         SYMBOL        a
  -------         ENDDO         
  C:233BH         LINE#         55
  C:233DH         LINE#         57
  C:2345H         LINE#         58
  C:2347H         LINE#         59
  C:2347H         LINE#         60
  -------         ENDPROC       _?SYS_GET_KEYEVENT
  -------         PROC          KEYINIT
  C:22ABH         LINE#         62
  C:22ABH         LINE#         63
  C:22ABH         LINE#         66
  C:22B9H         LINE#         67
  C:22C7H         LINE#         68
  -------         ENDPROC       KEYINIT
  -------         PROC          _GETKEYACT
  D:0007H         SYMBOL        Key
  -------         DO            
  D:0006H         SYMBOL        a
  -------         ENDDO         
  C:2063H         LINE#         70
  C:2063H         LINE#         71
  C:2063H         LINE#         72
  C:206DH         LINE#         73
  C:2088H         LINE#         74
  C:209DH         LINE#         75
  C:20A0H         LINE#         76
  C:20A0H         LINE#         77
  C:20A2H         LINE#         78
  -------         ENDPROC       _GETKEYACT
  -------         ENDMOD        KEY

  -------         MODULE        SYS
  C:0000H         SYMBOL        _ICE_DUMMY_
  X:0000H         PUBLIC        count_1mS
  B:00D8H.2       PUBLIC        CCF2
  D:0080H         PUBLIC        P0
  B:0020H.1       PUBLIC        flag_1S
  D:0090H         PUBLIC        P1
  D:00A0H         PUBLIC        P2
  D:00B0H         PUBLIC        P3
  D:00C0H         PUBLIC        P4
  X:0001H         PUBLIC        T1
  D:00C8H         PUBLIC        P5
  X:0003H         PUBLIC        T2
  B:00A8H.7       PUBLIC        EA
  D:00E8H         PUBLIC        P6
  D:00F8H         PUBLIC        P7
BL51 BANKED LINKER/LOCATER V6.22                                                      09/18/2025  13:22:08  PAGE 18


  D:0023H         PUBLIC        IrDatNum
  B:00D8H.7       PUBLIC        CF
  B:0020H.2       PUBLIC        Ir_Coder
  B:0020H.3       PUBLIC        Ir_RxBusy
  D:00A8H         PUBLIC        IE
  B:0020H.4       PUBLIC        Ir_TxBusy
  X:0005H         PUBLIC        userfunccall
  D:00FAH         PUBLIC        CCAP0H
  D:00FBH         PUBLIC        CCAP1H
  C:1C26H         PUBLIC        sys_task_Ir
  D:0024H         PUBLIC        IrCount_j
  D:0025H         PUBLIC        IrRx_count
  D:0026H         PUBLIC        IrProtocol
  D:00EAH         PUBLIC        CCAP0L
  D:0027H         PUBLIC        IrTx_count
  D:00EBH         PUBLIC        CCAP1L
  D:00DAH         PUBLIC        CCAPM0
  D:00DBH         PUBLIC        CCAPM1
  D:0028H         PUBLIC        MainLoops
  D:00B8H         PUBLIC        IP
  B:00D0H.7       PUBLIC        CY
  B:0020H.5       PUBLIC        flag_10mS
  D:00D8H         PUBLIC        CCON
  C:23B4H         PUBLIC        GetBeepTimer
  C:1F01H         PUBLIC        sys_Timer0_isr
  C:1DB9H         PUBLIC        _SetEventCallBack
  C:23D9H         PUBLIC        MySTC_Init
  C:20A3H         PUBLIC        sys_task_100mS
  X:0029H         PUBLIC        ModBus_interval_time
  C:23E8H         PUBLIC        _?ret0func
  C:1EAEH         PUBLIC        GetUltraSonic
  X:002AH         PUBLIC        count_10mS
  X:002BH         PUBLIC        stcDrivers
  C:23BDH         PUBLIC        _SetBeepTimer
  B:0020H.6       PUBLIC        flag_IrRxFinished
  D:0098H         PUBLIC        SCON
  C:231BH         PUBLIC        _SetCCP0
  C:20E2H         PUBLIC        MySTC_OS
  D:0089H         PUBLIC        TMOD
  D:0088H         PUBLIC        TCON
  B:0020H.7       PUBLIC        flag_Ir
  B:00B0H.5       PUBLIC        P35
  D:002CH         PUBLIC        IrRxNum
  X:0061H         PUBLIC        SysPerformance
  D:008EH         PUBLIC        AUXR
  C:1941H         PUBLIC        sys_CCP_isr
  C:1421H         PUBLIC        sys_task_1mS
  B:00A8H.1       PUBLIC        ET0
  C:23EBH         PUBLIC        ClrBeepPin
  D:008CH         PUBLIC        TH0
  B:0021H.0       PUBLIC        flag_100mS
  X:0066H         PUBLIC        distance
  D:008AH         PUBLIC        TL0
  D:002DH         PUBLIC        PollingMisses
  X:0068H         PUBLIC        sys_BP
  B:0088H.4       PUBLIC        TR0
  C:21B6H         PUBLIC        sys_task_1S
BL51 BANKED LINKER/LOCATER V6.22                                                      09/18/2025  13:22:08  PAGE 19


  C:23C6H         PUBLIC        GetSysPerformance
  B:0021H.1       PUBLIC        matchModBus
  X:006EH         PUBLIC        count_100mS
  B:0021H.2       PUBLIC        Ir_BitBusy
  D:002EH         PUBLIC        IrDat_count
  D:002FH         PUBLIC        IrMute_count
  B:0021H.3       PUBLIC        newFrame1
  C:1F53H         PUBLIC        sys_Timer0_Init
  B:0021H.4       PUBLIC        newFrame2
  D:0030H         PUBLIC        IrDataPc
  C:23EEH         PUBLIC        _?nullfunc
  B:0021H.5       PUBLIC        flag_1mS
  B:0021H.6       PUBLIC        newUS
  D:008FH         PUBLIC        INT_CLKO
  C:19E9H         PUBLIC        sys_task_10mS
  D:00D0H         PUBLIC        PSW
  B:00D8H.0       PUBLIC        CCF0
  B:00B0H.4       PUBLIC        Beep
  B:00D8H.1       PUBLIC        CCF1
  -------         PROC          _?NULLFUNC
  C:23EEH         LINE#         13
  -------         ENDPROC       _?NULLFUNC
  -------         PROC          _?RET0FUNC
  C:23E8H         LINE#         14
  -------         ENDPROC       _?RET0FUNC
  -------         PROC          SYS_TIMER0_INIT
  C:1F53H         LINE#         96
  C:1F53H         LINE#         97
  C:1F56H         LINE#         98
  C:1F59H         LINE#         99
  C:1F6FH         LINE#         100
  C:1F95H         LINE#         101
  C:1F97H         LINE#         102
  C:1F99H         LINE#         103
  -------         ENDPROC       SYS_TIMER0_INIT
  -------         PROC          SYS_TIMER0_ISR
  -------         DO            
  D:0022H         SYMBOL        i
  -------         ENDDO         
  C:1F01H         LINE#         105
  C:1F05H         LINE#         107
  C:1F08H         LINE#         108
  C:1F0BH         LINE#         109
  C:1F10H         LINE#         110
  C:1F12H         LINE#         111
  C:1F12H         LINE#         112
  C:1F18H         LINE#         113
  C:1F1EH         LINE#         114
  C:1F21H         LINE#         115
  C:1F23H         LINE#         116
  C:1F26H         LINE#         117
  C:1F2AH         LINE#         118
  C:1F2CH         LINE#         119
  C:1F2FH         LINE#         120
  C:1F31H         LINE#         122
  C:1F34H         LINE#         123
  C:1F36H         LINE#         124
BL51 BANKED LINKER/LOCATER V6.22                                                      09/18/2025  13:22:08  PAGE 20


  C:1F3BH         LINE#         125
  C:1F3BH         LINE#         126
  C:1F3DH         LINE#         128
  C:1F46H         LINE#         129
  C:1F48H         LINE#         130
  C:1F4EH         LINE#         131
  C:1F4EH         LINE#         132
  C:1F4EH         LINE#         133
  C:1F4EH         LINE#         134
  -------         ENDPROC       SYS_TIMER0_ISR
  -------         PROC          GETULTRASONIC
  -------         DO            
  D:004DH         SYMBOL        a
  -------         ENDDO         
  C:1EAEH         LINE#         138
  C:1EAEH         LINE#         139
  C:1EAEH         LINE#         140
  C:1EB1H         LINE#         141
  C:1EB3H         LINE#         142
  C:1EC2H         LINE#         143
  C:1EF8H         LINE#         144
  C:1EF8H         LINE#         145
  C:1F00H         LINE#         146
  -------         ENDPROC       GETULTRASONIC
  -------         PROC          GETBEEPTIMER
  C:23B4H         LINE#         148
  C:23B4H         LINE#         149
  C:23BCH         LINE#         150
  -------         ENDPROC       GETBEEPTIMER
  -------         PROC          _SETBEEPTIMER
  D:0006H         SYMBOL        a
  C:23BDH         LINE#         152
  C:23BDH         LINE#         153
  C:23C5H         LINE#         154
  -------         ENDPROC       _SETBEEPTIMER
  -------         PROC          _SETCCP0
  D:0006H         SYMBOL        step
  D:0004H         SYMBOL        next
  C:231BH         LINE#         156
  C:231BH         LINE#         157
  C:2323H         LINE#         158
  C:232BH         LINE#         159
  -------         ENDPROC       _SETCCP0
  -------         PROC          CLRBEEPPIN
  C:23EBH         LINE#         161
  C:23EBH         LINE#         162
  C:23EDH         LINE#         163
  -------         ENDPROC       CLRBEEPPIN
  -------         PROC          SYS_CCP_ISR
  -------         DO            
  B:0020H.0       SYMBOL        a
  -------         ENDDO         
  C:1941H         LINE#         165
  C:1954H         LINE#         167
  C:195BH         LINE#         168
  C:1962H         LINE#         169
  C:1965H         LINE#         170
BL51 BANKED LINKER/LOCATER V6.22                                                      09/18/2025  13:22:08  PAGE 21


  C:1967H         LINE#         171
  C:1977H         LINE#         172
  C:197EH         LINE#         173
  C:1981H         LINE#         174
  C:1983H         LINE#         175
  C:1985H         LINE#         177
  C:1999H         LINE#         178
  C:199CH         LINE#         179
  C:199EH         LINE#         180
  C:19A0H         LINE#         181
  C:19A2H         LINE#         183
  C:19A2H         LINE#         184
  C:19A5H         LINE#         185
  C:19A7H         LINE#         186
  C:19B1H         LINE#         187
  C:19B3H         LINE#         188
  C:19BCH         LINE#         189
  C:19BFH         LINE#         190
  C:19D1H         LINE#         191
  C:19D3H         LINE#         193
  C:19D5H         LINE#         194
  C:19D8H         LINE#         195
  C:19D8H         LINE#         196
  C:19D8H         LINE#         197
  -------         ENDPROC       SYS_CCP_ISR
  -------         PROC          MYSTC_INIT
  C:23D9H         LINE#         199
  C:23D9H         LINE#         200
  C:23DCH         LINE#         201
  C:23DEH         LINE#         202
  -------         ENDPROC       MYSTC_INIT
  -------         PROC          SYS_TASK_IR
  -------         DO            
  D:0007H         SYMBOL        a
  -------         ENDDO         
  C:1C26H         LINE#         204
  C:1C26H         LINE#         205
  C:1C26H         LINE#         206
  C:1C3CH         LINE#         207
  C:1C43H         LINE#         208
  C:1C46H         LINE#         209
  C:1C49H         LINE#         210
  C:1C5FH         LINE#         211
  C:1C6FH         LINE#         212
  C:1C77H         LINE#         213
  C:1C7AH         LINE#         214
  C:1C7CH         LINE#         216
  C:1C92H         LINE#         217
  C:1CA6H         LINE#         218
  C:1CA6H         LINE#         219
  C:1CA8H         LINE#         220
  C:1CABH         LINE#         222
  C:1CABH         LINE#         224
  C:1CADH         LINE#         225
  C:1CB0H         LINE#         226
  C:1CB0H         LINE#         227
  -------         ENDPROC       SYS_TASK_IR
BL51 BANKED LINKER/LOCATER V6.22                                                      09/18/2025  13:22:08  PAGE 22


  -------         PROC          SYS_TASK_1MS
  C:1421H         LINE#         229
  C:1421H         LINE#         230
  C:1429H         LINE#         231
  C:142CH         LINE#         232
  C:142EH         LINE#         233
  C:1436H         LINE#         234
  C:1439H         LINE#         235
  C:143BH         LINE#         236
  C:1443H         LINE#         237
  C:1446H         LINE#         238
  C:1448H         LINE#         239
  C:1448H         LINE#         240
  C:1448H         LINE#         241
  C:1448H         LINE#         242
  C:1454H         LINE#         243
  C:1460H         LINE#         244
  C:146CH         LINE#         245
  C:1478H         LINE#         246
  C:1484H         LINE#         247
  C:1490H         LINE#         248
  C:14ABH         LINE#         249
  C:14BAH         LINE#         250
  C:14C6H         LINE#         251
  C:14C8H         LINE#         252
  C:14C8H         LINE#         253
  C:14D1H         LINE#         254
  C:14D6H         LINE#         255
  C:14E5H         LINE#         256
  C:14E7H         LINE#         257
  C:14E7H         LINE#         258
  C:14E9H         LINE#         260
  C:14F8H         LINE#         261
  C:1504H         LINE#         262
  C:1506H         LINE#         263
  C:1506H         LINE#         264
  C:1506H         LINE#         265
  -------         ENDPROC       SYS_TASK_1MS
  -------         PROC          SYS_TASK_10MS
  C:19E9H         LINE#         268
  C:19E9H         LINE#         269
  C:19F5H         LINE#         270
  C:1A01H         LINE#         271
  C:1A0DH         LINE#         272
  C:1A19H         LINE#         273
  C:1A34H         LINE#         274
  C:1A4FH         LINE#         275
  C:1A6AH         LINE#         276
  C:1A6DH         LINE#         277
  C:1A6FH         LINE#         278
  C:1A7BH         LINE#         279
  C:1A7BH         LINE#         280
  -------         ENDPROC       SYS_TASK_10MS
  -------         PROC          SYS_TASK_100MS
  C:20A3H         LINE#         282
  C:20A3H         LINE#         283
  C:20AFH         LINE#         284
BL51 BANKED LINKER/LOCATER V6.22                                                      09/18/2025  13:22:08  PAGE 23


  C:20CAH         LINE#         285
  C:20D6H         LINE#         286
  -------         ENDPROC       SYS_TASK_100MS
  -------         PROC          SYS_TASK_1S
  C:21B6H         LINE#         289
  C:21B6H         LINE#         290
  C:21C4H         LINE#         291
  C:21CAH         LINE#         292
  C:21D3H         LINE#         293
  C:21D5H         LINE#         294
  -------         ENDPROC       SYS_TASK_1S
  -------         PROC          MYSTC_OS
  C:20E2H         LINE#         297
  C:20E2H         LINE#         298
  C:20EAH         LINE#         299
  C:20F2H         LINE#         300
  C:20FAH         LINE#         301
  C:2102H         LINE#         302
  C:210AH         LINE#         303
  C:211FH         LINE#         306
  -------         ENDPROC       MYSTC_OS
  -------         PROC          _SETEVENTCALLBACK
  D:0007H         SYMBOL        event
  D:0033H         SYMBOL        user_callback
  C:1DB9H         LINE#         308
  C:1DBFH         LINE#         309
  C:1DF0H         LINE#         310
  C:1DF3H         LINE#         311
  C:1DF5H         LINE#         312
  C:1DF8H         LINE#         313
  C:1DFAH         LINE#         314
  C:1DFDH         LINE#         315
  C:1DFFH         LINE#         316
  C:1E02H         LINE#         317
  C:1E04H         LINE#         318
  C:1E07H         LINE#         319
  C:1E09H         LINE#         320
  C:1E0CH         LINE#         321
  C:1E0EH         LINE#         322
  C:1E11H         LINE#         323
  C:1E13H         LINE#         324
  C:1E16H         LINE#         325
  C:1E18H         LINE#         326
  C:1E1BH         LINE#         327
  C:1E1DH         LINE#         328
  C:1E20H         LINE#         329
  C:1E22H         LINE#         330
  C:1E25H         LINE#         331
  C:1E27H         LINE#         332
  C:1E35H         LINE#         333
  C:1E35H         LINE#         334
  C:1E35H         LINE#         335
  C:1E35H         LINE#         336
  -------         ENDPROC       _SETEVENTCALLBACK
  -------         PROC          GETSYSPERFORMANCE
  C:23C6H         LINE#         338
  C:23C6H         LINE#         339
BL51 BANKED LINKER/LOCATER V6.22                                                      09/18/2025  13:22:08  PAGE 24


  C:23CCH         LINE#         340
  -------         ENDPROC       GETSYSPERFORMANCE
  -------         ENDMOD        SYS

  -------         MODULE        VIB
  C:0000H         SYMBOL        _ICE_DUMMY_
  D:0080H         PUBLIC        P0
  D:0090H         PUBLIC        P1
  D:00A0H         PUBLIC        P2
  D:00B0H         PUBLIC        P3
  D:00C0H         PUBLIC        P4
  D:00C8H         PUBLIC        P5
  D:00E8H         PUBLIC        P6
  D:00F8H         PUBLIC        P7
  D:00A8H         PUBLIC        IE
  X:00C2H         PUBLIC        SV_Event
  C:234AH         PUBLIC        _?sys_get_SVEvent
  C:2386H         PUBLIC        _?sys_SV_drv
  D:00B8H         PUBLIC        IP
  B:00A0H.4       PUBLIC        IO_SV
  D:00D8H         PUBLIC        CCON
  D:0098H         PUBLIC        SCON
  D:0088H         PUBLIC        TCON
  C:22C8H         PUBLIC        VibInit
  C:2359H         PUBLIC        _?GetVibAct
  X:00C3H         PUBLIC        sys_SVEvent
  D:00D0H         PUBLIC        PSW
  -------         PROC          _?SYS_SV_DRV
  C:2386H         LINE#         14
  C:2386H         LINE#         15
  C:2389H         LINE#         16
  C:238FH         LINE#         17
  C:2393H         LINE#         18
  C:2393H         LINE#         19
  -------         ENDPROC       _?SYS_SV_DRV
  -------         PROC          _?SYS_GET_SVEVENT
  -------         DO            
  i:0000H         SYMBOL        a
  -------         ENDDO         
  C:234AH         LINE#         21
  C:234CH         LINE#         23
  C:2354H         LINE#         24
  C:2356H         LINE#         25
  C:2356H         LINE#         26
  -------         ENDPROC       _?SYS_GET_SVEVENT
  -------         PROC          VIBINIT
  C:22C8H         LINE#         28
  C:22C8H         LINE#         29
  C:22C8H         LINE#         30
  C:22D6H         LINE#         31
  C:22E4H         LINE#         32
  -------         ENDPROC       VIBINIT
  -------         PROC          _?GETVIBACT
  -------         DO            
  i:0000H         SYMBOL        a
  -------         ENDDO         
  C:2359H         LINE#         34
BL51 BANKED LINKER/LOCATER V6.22                                                      09/18/2025  13:22:08  PAGE 25


  C:235BH         LINE#         36
  C:2363H         LINE#         37
  C:2365H         LINE#         38
  C:2365H         LINE#         39
  -------         ENDPROC       _?GETVIBACT
  -------         ENDMOD        VIB

  -------         MODULE        MUSIC
  C:0000H         SYMBOL        _ICE_DUMMY_
  D:0080H         PUBLIC        P0
  D:0090H         PUBLIC        P1
  D:00A0H         PUBLIC        P2
  D:00B0H         PUBLIC        P3
  D:00C0H         PUBLIC        P4
  D:00C8H         PUBLIC        P5
  D:00E8H         PUBLIC        P6
  D:00F8H         PUBLIC        P7
  C:2368H         PUBLIC        MusicPlayerInit
  D:00A8H         PUBLIC        IE
  C:0800H         PUBLIC        _?sys_music_drv
  D:00B8H         PUBLIC        IP
  C:23DFH         PUBLIC        GetPlayerMode
  X:00A6H         PUBLIC        music
  D:00D8H         PUBLIC        CCON
  C:2209H         PUBLIC        _SetPlayerMode
  C:1897H         PUBLIC        _PlayTone
  C:1D38H         PUBLIC        _SetMusic
  D:0098H         PUBLIC        SCON
  D:0088H         PUBLIC        TCON
  B:0021H.7       PUBLIC        beat_dir
  D:00D0H         PUBLIC        PSW
  -------         PROC          _PLAYTONE
  D:0033H         SYMBOL        tone
  D:0034H         SYMBOL        beatsPM
  D:0035H         SYMBOL        scale
  D:0036H         SYMBOL        beats
  -------         DO            
  D:0037H         SYMBOL        freq
  D:0004H         SYMBOL        playtime
  C:12FBH         SYMBOL        sound_freq
  -------         ENDDO         
  C:1897H         LINE#         22
  C:189DH         LINE#         23
  C:189DH         LINE#         34
  C:18A6H         LINE#         35
  C:18DBH         LINE#         36
  C:18DEH         LINE#         37
  C:191FH         LINE#         38
  C:1924H         LINE#         39
  C:1939H         LINE#         40
  C:1940H         LINE#         41
  C:1940H         LINE#         42
  -------         ENDPROC       _PLAYTONE
  -------         PROC          _?SYS_MUSIC_DRV
  -------         DO            
  i:0000H         SYMBOL        a
  i:0001H         SYMBOL        b
BL51 BANKED LINKER/LOCATER V6.22                                                      09/18/2025  13:22:08  PAGE 26


  X:00A3H         SYMBOL        scale
  X:00A4H         SYMBOL        repeat_pt
  -------         ENDDO         
  C:0800H         LINE#         44
  C:0804H         LINE#         48
  C:0825H         LINE#         49
  C:0829H         LINE#         50
  C:0830H         LINE#         51
  C:0836H         LINE#         52
  C:083AH         LINE#         53
  C:083FH         LINE#         55
  C:083FH         LINE#         57
  C:085BH         LINE#         58
  C:0899H         LINE#         59
  C:08B8H         LINE#         60
  C:08CAH         LINE#         61
  C:08DFH         LINE#         62
  C:08F6H         LINE#         63
  C:0922H         LINE#         64
  C:0945H         LINE#         65
  C:094DH         LINE#         66
  C:094FH         LINE#         67
  C:0956H         LINE#         68
  C:0956H         LINE#         70
  C:096EH         LINE#         71
  C:0977H         LINE#         72
  C:0999H         LINE#         73
  C:09B6H         LINE#         74
  C:09D7H         LINE#         75
  C:09E5H         LINE#         76
  C:09E7H         LINE#         77
  C:0A08H         LINE#         78
  C:0A16H         LINE#         79
  C:0A19H         LINE#         80
  C:0A19H         LINE#         81
  C:0A19H         LINE#         82
  C:0A19H         LINE#         83
  C:0A3AH         LINE#         84
  C:0A3DH         LINE#         85
  C:0A50H         LINE#         86
  C:0A53H         LINE#         87
  C:0A70H         LINE#         88
  C:0A7EH         LINE#         89
  C:0A81H         LINE#         90
  C:0A8FH         LINE#         91
  C:0A92H         LINE#         92
  C:0A92H         LINE#         93
  C:0A92H         LINE#         94
  C:0AA7H         LINE#         95
  C:0AC8H         LINE#         96
  C:0AF5H         LINE#         97
  C:0AF5H         LINE#         98
  C:0AF5H         LINE#         99
  C:0AF7H         LINE#         101
  C:0AFDH         LINE#         103
  C:0AFDH         LINE#         104
  -------         ENDPROC       _?SYS_MUSIC_DRV
BL51 BANKED LINKER/LOCATER V6.22                                                      09/18/2025  13:22:08  PAGE 27


  -------         PROC          MUSICPLAYERINIT
  C:2368H         LINE#         106
  C:2368H         LINE#         107
  C:2368H         LINE#         108
  C:2376H         LINE#         109
  -------         ENDPROC       MUSICPLAYERINIT
  -------         PROC          _SETMUSIC
  D:0007H         SYMBOL        beatsPM
  D:0005H         SYMBOL        tone
  D:0035H         SYMBOL        pt
  D:0038H         SYMBOL        datasize
  D:003AH         SYMBOL        display
  C:1D38H         LINE#         111
  C:1D3EH         LINE#         112
  C:1D3EH         LINE#         113
  C:1D5EH         LINE#         114
  C:1D65H         LINE#         115
  C:1D69H         LINE#         116
  C:1D6BH         LINE#         117
  C:1D6BH         LINE#         118
  C:1D72H         LINE#         119
  C:1D79H         LINE#         120
  C:1D9DH         LINE#         121
  C:1DA8H         LINE#         122
  C:1DB0H         LINE#         123
  C:1DB0H         LINE#         124
  C:1DB8H         LINE#         126
  -------         ENDPROC       _SETMUSIC
  -------         PROC          _SETPLAYERMODE
  D:0007H         SYMBOL        play_ctrl
  C:2209H         LINE#         128
  C:2209H         LINE#         129
  C:222BH         LINE#         130
  C:2230H         LINE#         131
  -------         ENDPROC       _SETPLAYERMODE
  -------         PROC          GETPLAYERMODE
  C:23DFH         LINE#         133
  C:23DFH         LINE#         134
  C:23E4H         LINE#         135
  -------         ENDPROC       GETPLAYERMODE
  -------         ENDMOD        MUSIC

  -------         MODULE        UART2
  C:0000H         SYMBOL        _ICE_DUMMY_
  D:004FH         PUBLIC        ModBus_Interval_Min
  D:0080H         PUBLIC        P0
  C:0D56H         PUBLIC        Uart2_isr
  D:0090H         PUBLIC        P1
  D:00A0H         PUBLIC        P2
  D:00B0H         PUBLIC        P3
  D:00C0H         PUBLIC        P4
  D:00C8H         PUBLIC        P5
  D:00E8H         PUBLIC        P6
  D:00F8H         PUBLIC        P7
  D:00BAH         PUBLIC        P_SW2
  D:00A8H         PUBLIC        IE
  D:00DBH         PUBLIC        CCAPM1
BL51 BANKED LINKER/LOCATER V6.22                                                      09/18/2025  13:22:08  PAGE 28


  D:00B8H         PUBLIC        IP
  C:23EFH         PUBLIC        _?nullfunc0
  D:00D8H         PUBLIC        CCON
  C:2154H         PUBLIC        _SetUart2Rxd
  B:0090H.0       PUBLIC        P10
  B:0090H.1       PUBLIC        P11
  D:0098H         PUBLIC        SCON
  D:0088H         PUBLIC        TCON
  D:00AFH         PUBLIC        IE2
  D:008EH         PUBLIC        AUXR
  C:23A0H         PUBLIC        GetUart2TxStatus
  D:00D6H         PUBLIC        T2H
  B:00B0H.7       PUBLIC        M485_TxEn
  D:00D7H         PUBLIC        T2L
  C:2185H         PUBLIC        _Uart2Print
  D:009BH         PUBLIC        S2BUF
  D:009AH         PUBLIC        S2CON
  C:1512H         PUBLIC        _Uart2Init
  X:008DH         PUBLIC        Uart2usage
  C:2377H         PUBLIC        _?sys_get_Uart2RxdEvent
  X:008EH         PUBLIC        com2
  D:00D0H         PUBLIC        PSW
  -------         PROC          UART2_ISR
  C:0D56H         LINE#         19
  C:0D73H         LINE#         20
  C:0D78H         LINE#         21
  C:0D7BH         LINE#         22
  C:0DAFH         LINE#         24
  C:0DB4H         LINE#         25
  C:0DBCH         LINE#         26
  C:0DBCH         LINE#         27
  C:0DBCH         LINE#         29
  C:0DC4H         LINE#         30
  C:0DC7H         LINE#         31
  C:0DCAH         LINE#         32
  C:0DCCH         LINE#         33
  C:0DD3H         LINE#         34
  C:0DD5H         LINE#         35
  C:0DD5H         LINE#         36
  C:0DE0H         LINE#         37
  C:0DF4H         LINE#         38
  C:0E08H         LINE#         39
  C:0E17H         LINE#         40
  C:0E25H         LINE#         41
  C:0E57H         LINE#         42
  C:0E65H         LINE#         43
  C:0E65H         LINE#         44
  C:0E6BH         LINE#         45
  C:0E6EH         LINE#         47
  C:0E82H         LINE#         48
  C:0E96H         LINE#         49
  C:0EA5H         LINE#         50
  C:0EB3H         LINE#         51
  C:0EEBH         LINE#         52
  C:0EF9H         LINE#         53
  C:0EF9H         LINE#         55
  C:0F0EH         LINE#         56
BL51 BANKED LINKER/LOCATER V6.22                                                      09/18/2025  13:22:08  PAGE 29


  C:0F14H         LINE#         57
  C:0F16H         LINE#         58
  C:0F16H         LINE#         59
  C:0F16H         LINE#         60
  C:0F16H         LINE#         61
  -------         ENDPROC       UART2_ISR
  -------         PROC          _?SYS_GET_UART2RXDEVENT
  -------         DO            
  i:0000H         SYMBOL        a
  -------         ENDDO         
  C:2377H         LINE#         63
  C:2379H         LINE#         65
  C:2381H         LINE#         66
  C:2383H         LINE#         67
  C:2383H         LINE#         68
  -------         ENDPROC       _?SYS_GET_UART2RXDEVENT
  -------         PROC          _?NULLFUNC0
  C:23EFH         LINE#         70
  -------         ENDPROC       _?NULLFUNC0
  -------         PROC          _UART2INIT
  D:0033H         SYMBOL        band
  D:0037H         SYMBOL        Uart2mode
  C:1512H         LINE#         72
  C:151AH         LINE#         73
  C:151AH         LINE#         76
  C:1520H         LINE#         77
  C:1524H         LINE#         78
  C:1527H         LINE#         79
  C:152DH         LINE#         80
  C:153BH         LINE#         81
  C:153EH         LINE#         82
  C:1540H         LINE#         83
  C:1542H         LINE#         84
  C:1544H         LINE#         86
  C:1546H         LINE#         87
  C:155AH         LINE#         88
  C:1561H         LINE#         89
  C:1567H         LINE#         90
  C:1567H         LINE#         92
  C:156AH         LINE#         93
  C:1589H         LINE#         94
  C:15B8H         LINE#         95
  C:15BBH         LINE#         96
  C:15BEH         LINE#         97
  C:15CCH         LINE#         98
  -------         ENDPROC       _UART2INIT
  -------         PROC          _SETUART2RXD
  D:0001H         SYMBOL        RxdPt
  D:0004H         SYMBOL        Nmax
  D:0038H         SYMBOL        matchhead
  D:003BH         SYMBOL        matchheadsize
  C:2154H         LINE#         100
  C:2154H         LINE#         101
  C:215FH         LINE#         102
  C:2165H         LINE#         103
  C:216FH         LINE#         104
  C:217DH         LINE#         105
BL51 BANKED LINKER/LOCATER V6.22                                                      09/18/2025  13:22:08  PAGE 30


  C:217FH         LINE#         106
  C:2184H         LINE#         107
  -------         ENDPROC       _SETUART2RXD
  -------         PROC          _UART2PRINT
  D:0001H         SYMBOL        pt
  D:0004H         SYMBOL        num
  C:2185H         LINE#         109
  C:2185H         LINE#         110
  C:218BH         LINE#         111
  C:218BH         LINE#         112
  C:2193H         LINE#         114
  C:219EH         LINE#         115
  C:21A3H         LINE#         116
  C:21A9H         LINE#         117
  C:21ADH         LINE#         119
  C:21B0H         LINE#         120
  C:21B3H         LINE#         121
  C:21B3H         LINE#         122
  C:21B5H         LINE#         123
  -------         ENDPROC       _UART2PRINT
  -------         PROC          GETUART2TXSTATUS
  C:23A0H         LINE#         125
  C:23A0H         LINE#         126
  C:23A8H         LINE#         127
  C:23AAH         LINE#         128
  -------         ENDPROC       GETUART2TXSTATUS
  -------         ENDMOD        UART2

  -------         MODULE        ?C?CLDOPTR
  C:0B02H         PUBLIC        ?C?CLDOPTR
  -------         ENDMOD        ?C?CLDOPTR

  -------         MODULE        ?C?CSTOPTR
  C:0B2FH         PUBLIC        ?C?CSTOPTR
  -------         ENDMOD        ?C?CSTOPTR

  -------         MODULE        ?C?IMUL
  C:0B51H         PUBLIC        ?C?IMUL
  -------         ENDMOD        ?C?IMUL

  -------         MODULE        ?C?UIDIV
  C:0B63H         PUBLIC        ?C?UIDIV
  -------         ENDMOD        ?C?UIDIV

  -------         MODULE        ?C?IILDX
  C:0BB8H         PUBLIC        ?C?IILDX
  -------         ENDMOD        ?C?IILDX

  -------         MODULE        ?C?ILDIX
  C:0BCEH         PUBLIC        ?C?ILDIX
  -------         ENDMOD        ?C?ILDIX

  -------         MODULE        ?C?LMUL
  C:0BE4H         PUBLIC        ?C?LMUL
  -------         ENDMOD        ?C?LMUL

  -------         MODULE        ?C?ULDIV
BL51 BANKED LINKER/LOCATER V6.22                                                      09/18/2025  13:22:08  PAGE 31


  C:0C6FH         PUBLIC        ?C?ULDIV
  -------         ENDMOD        ?C?ULDIV

  -------         MODULE        ?C?SLDIV
  C:1F9AH         PUBLIC        ?C?SLDIV
  -------         ENDMOD        ?C?SLDIV

  -------         MODULE        ?C?ULSHR
  C:0D01H         PUBLIC        ?C?ULSHR
  -------         ENDMOD        ?C?ULSHR

  -------         MODULE        ?C?SLSHR
  C:0D14H         PUBLIC        ?C?SLSHR
  -------         ENDMOD        ?C?SLSHR

  -------         MODULE        ?C?LLDCODE
  C:0D28H         PUBLIC        ?C?LLDCODE
  -------         ENDMOD        ?C?LLDCODE

  -------         MODULE        ?C?LSTXDATA
  C:0D38H         PUBLIC        ?C?LSTXDATA
  -------         ENDMOD        ?C?LSTXDATA

  -------         MODULE        ?C?OFFXADD
  C:0D44H         PUBLIC        ?C?OFFXADD
  -------         ENDMOD        ?C?OFFXADD

  -------         MODULE        ?C?ICALL
  C:0D50H         PUBLIC        ?C?ICALL
  C:0D54H         PUBLIC        ?C?ICALL2
  -------         ENDMOD        ?C?ICALL

  -------         MODULE        ?C_IBP
  D:0050H         PUBLIC        ?C_IBP
  -------         ENDMOD        ?C_IBP

*** WARNING L16: UNCALLED SEGMENT, IGNORED FOR OVERLAY PROCESS
    SEGMENT: ?PR?_SEG7SETMODE?DISPLAYER

*** WARNING L16: UNCALLED SEGMENT, IGNORED FOR OVERLAY PROCESS
    SEGMENT: ?PR?_LEDSETMODE?DISPLAYER

*** WARNING L16: UNCALLED SEGMENT, IGNORED FOR OVERLAY PROCESS
    SEGMENT: ?PR?GETULTRASONIC?SYS

*** WARNING L16: UNCALLED SEGMENT, IGNORED FOR OVERLAY PROCESS
    SEGMENT: ?PR?GETSYSPERFORMANCE?SYS

*** WARNING L16: UNCALLED SEGMENT, IGNORED FOR OVERLAY PROCESS
    SEGMENT: ?PR?GETPLAYERMODE?MUSIC

*** WARNING L16: UNCALLED SEGMENT, IGNORED FOR OVERLAY PROCESS
    SEGMENT: ?PR?GETUART2TXSTATUS?UART2

******************************************************************************
* RESTRICTED VERSION WITH 0800H BYTE CODE SIZE LIMIT; USED: 0421H BYTE (51%) *
******************************************************************************
BL51 BANKED LINKER/LOCATER V6.22                                                      09/18/2025  13:22:08  PAGE 32



Program Size: data=82.0 xdata=196 code=7164
LINK/LOCATE RUN COMPLETE.  6 WARNING(S),  0 ERROR(S)
